[capped_run] Class=audit MemoryMax=4G MemoryHigh=4G MemorySwapMax=512M CPUAffinity=0-7 NumericalThreads=1 TasksMax=64
[capped_run] cmd: .venv/bin/python /home/andre2/GX1_DATA/data/data/prebuilt/LIFECYCLE_V2_FULL_TRAIN_20260912/NATIVE_REAL_TRAIN_TO_VAL_FDD70E5C/OPERATOR_OBSERVATIONS/CACHED_VALUE_CAUSE_20260916/ATTRIBUTION_OPERATOR.py
[capped_run_scope_verified] memory.max=4294967296 memory.high=4294967296 memory.swap.max=536870912 pids.max=64
2026-09-16 13:10:57,344 [INFO] [TRAIN_DETERMINISTIC_MEMORY] fill_uninitialized_memory=True deterministic_algorithms=True
{
  "source_commit": "0dd34ff8352a3b56746a00b4a2564d128fb56ac1",
  "cached_all_outputs_exact": true,
  "entry_forward_count": 2,
  "exit_forward_count": 2,
  "teacher_forward_count": 0,
  "algebra": "dQ = dw*mean(h) + mean(w)*dh + db; symmetric between checkpoints, fp64 analysis of captured FP32 tensors.",
  "head_bias_difference_before": -0.008087391965091228,
  "head_bias_difference_after": -0.006580514833331108,
  "head_bias_delta_shared_both_sides": 0.0015068771317601204,
  "maximum_float32_output_reconstruction_residual": 8.59052338153532e-08,
  "sides": {
    "LONG": {
      "total_change": {
        "mean": 0.1599230819119839,
        "std": 0.06251567256149103,
        "min": 0.12236958742141724,
        "max": 0.621376994997263
      },
      "head_weight_term": {
        "mean": 0.09462227753232613,
        "std": 0.02237471404412802,
        "min": 0.07200718551572777,
        "max": 0.21082445130088545
      },
      "hidden_representation_term": {
        "mean": 0.06379392848069036,
        "std": 0.04981037782864281,
        "min": 0.043645384174027704,
        "max": 0.45279696888134724
      },
      "head_including_bias_mean": 0.09612915466408625,
      "hidden_mean_fraction_of_net_change": 0.39890382124951995,
      "before_hidden_across_states_centered_energy_fraction": 0.23064058959291225,
      "after_hidden_across_states_centered_energy_fraction": 0.22901504867412764
    },
    "SHORT": {
      "total_change": {
        "mean": -0.03854075784329325,
        "std": 0.03671522447753169,
        "min": -0.21463000774383545,
        "max": -0.002520933747291565
      },
      "head_weight_term": {
        "mean": -0.0006462198402664434,
        "std": 0.009199635882106347,
        "min": -0.03136292315099908,
        "max": 0.017121545833147112
      },
      "hidden_representation_term": {
        "mean": -0.03940141484006901,
        "std": 0.03547526808421202,
        "min": -0.210555506997084,
        "max": -0.0028421375196064796
      },
      "head_including_bias_mean": 0.000860657291493677,
      "hidden_mean_fraction_of_net_change": 1.0223310864896635,
      "before_hidden_across_states_centered_energy_fraction": 0.2996336711400515,
      "after_hidden_across_states_centered_energy_fraction": 0.2781185480413279
    }
  },
  "checkpoint_bindings": {
    "AFTER96": {
      "path": "/home/andre2/GX1_DATA/data/data/prebuilt/LIFECYCLE_V2_FULL_TRAIN_20260912/NATIVE_FROZEN_TRACE_MEMORY_FCD03E88_REFERENCE/.gx1-candidate-training-session.CANDIDATE_BUNDLE/candidate_training_state_slot_1.pt",
      "sha256": "77294b3f04afca6c0acb1e078fb68f392f6ba3ee0a1858a669a8c91b12622d0c"
    },
    "BEFORE95": {
      "path": "/home/andre2/GX1_DATA/data/data/prebuilt/LIFECYCLE_V2_FULL_TRAIN_20260912/NATIVE_FQI_TARGET_REFRESH_F11C1DBE/.gx1-candidate-training-session.CANDIDATE_BUNDLE/candidate_training_state_slot_0.pt",
      "sha256": "ca18cdf27f1ddf22741c893456d2040e1e53ce0cf1ac8e9532cb780973fd5dbe"
    }
  },
  "limits": "Exact attribution of this stored batch at final linear layer; not a causal attribution to individual upstream modules, Adam momentum, all32 gradients or market edge.",
  "test_data_used": false,
  "gpu_used": false,
  "optimizer_or_backward": false,
  "elapsed_seconds": 9.750573209999857,
  "peak_rss_kib": 1955728,
  "operator_sha256": "4bb70f0b42945750ff6a837a5ff1476efb26e4b7135110bdbdf919aa37b52a52"
}
